../Core/Src/main.c:20:5:__io_putchar	16	static
../Core/Src/main.c:157:19:MPU6050_Init	32	static
../Core/Src/main.c:210:19:MPU6050_ReadAccelRaw	48	static
../Core/Src/main.c:238:5:MovingAverage_Update	24	static
../Core/Src/main.c:263:6:MovingAverage_Reset	16	static
../Core/Src/main.c:274:14:Detect_ExerciseMode	24	static
../Core/Src/main.c:295:6:Update_Mode_Lock	16	static
../Core/Src/main.c:325:6:Squat_Update	16	static
../Core/Src/main.c:382:6:Pushup_Update	16	static
../Core/Src/main.c:442:13:ExerciseMode_ToString	16	static
../Core/Src/main.c:452:13:SquatState_ToString	16	static
../Core/Src/main.c:464:13:PushupState_ToString	16	static
../Core/Src/main.c:476:6:OLED_UpdateScreen	32	static
../Core/Src/main.c:499:5:main	72	static
../Core/Src/main.c:655:6:SystemClock_Config	88	static
../Core/Src/main.c:690:13:MX_I2C1_Init	8	static
../Core/Src/main.c:713:13:MX_USART2_UART_Init	8	static
../Core/Src/main.c:735:13:MX_GPIO_Init	40	static
../Core/Src/main.c:755:6:Error_Handler	4	static,ignoring_inline_asm
