../Core/Src/oled_ssd1306.c:108:26:OLED_SendCommand	32	static
../Core/Src/oled_ssd1306.c:115:26:OLED_SendData	160	static
../Core/Src/oled_ssd1306.c:124:6:OLED_Init	16	static
../Core/Src/oled_ssd1306.c:166:6:OLED_Clear	8	static
../Core/Src/oled_ssd1306.c:173:6:OLED_Display	16	static
../Core/Src/oled_ssd1306.c:186:6:OLED_SetPixel	24	static
../Core/Src/oled_ssd1306.c:200:6:OLED_WriteString	24	static
../Core/Src/oled_ssd1306.c:223:6:OLED_WriteLine	16	static
../Core/Src/oled_ssd1306.c:231:6:OLED_DisplayOn	8	static
../Core/Src/oled_ssd1306.c:237:6:OLED_DisplayOff	8	static
../Core/Src/oled_ssd1306.c:243:6:OLED_SetContrast	16	static
