../Core/Src/main.c:18:5:__io_putchar	16	static
../Core/Src/main.c:76:19:MPU6050_Init	32	static
../Core/Src/main.c:126:19:MPU6050_ReadAccelRaw	48	static
../Core/Src/main.c:151:5:MovingAverage_Update	24	static
../Core/Src/main.c:176:6:Squat_Update	16	static
../Core/Src/main.c:231:13:SquatState_ToString	16	static
../Core/Src/main.c:243:5:main	56	static
../Core/Src/main.c:322:6:SystemClock_Config	88	static
../Core/Src/main.c:357:13:MX_I2C1_Init	8	static
../Core/Src/main.c:380:13:MX_USART2_UART_Init	8	static
../Core/Src/main.c:402:13:MX_GPIO_Init	40	static
../Core/Src/main.c:422:6:Error_Handler	4	static,ignoring_inline_asm
